17:57:23.406 -> [    48][V][esp32-hal-periman.c:248] perimanSetBusDeinit(): Dein=========== Before Setup Start ===========
17:57:23.406 -> Chip Info:
17:57:23.406 -> ------------------------------------------
17:57:23.406 ->   Model             : ESP32-S3
17:57:23.406 ->   Package           : 0
17:57:23.406 ->   Revision          : 0.02
17:57:23.406 ->   Cores             : 2
17:57:23.406 ->   CPU Frequency     : 240 MHz
17:57:23.406 ->   XTAL Frequency    : 4res Bitfield : 0x00000012
17:57:23.406 ->   Embedded Flash    : No
17:57:23.406 ->   Embedded PSRAM    : No
17:57:23.406 ->   2.4GHz WiFi       : Yes
17:57:23.406 ->   Classic BT        : No
17:57:23.406 ->   BT Low Energy     : Yes
17:57:23.406 ->   IEEE 802.15.4     : No
17:57:23.406 -> ------------------------------------------
17:57:23.406 -> INTERNAL Memory Info:
17:57:23.406 -> ------------------------------------------
17:57:23.406 ->   Total Size        :   334048 B ( 326.2 KB)
17:57:23.406 ->   Free Bytes        :   294532 B ( 287.6 KB)
17:57:23.406 ->   Allocated Bytes   :    33884 B (  33.1 KB)
17:57:23.406 ->   Minimum Free Bytes:   289264 B ( 282.5 KB)
17:57:23.406 ->   Largest Free Block:   237556 B ( 232.0 KB)
17:57:23.406 -> ------------------------------------------
17:57:23.406 -> Flash Info:
17:57:23.406 -> ------------------------------------------
17:57:23.406 ->   Chip Size         :  8388608B (8 MB)
17:57:23.406 ->   Block Size        :    65536B (  64.0 KB)
17:57:23.406 ->   Sector Size       :     4096B (   4.0 KB)
17:57:23.406 ->   Page Size         :      256B (   0.2 KB)
17:57:23.406 ->   Bus Speed         : 80 MHz
17:57:23.406 ->   Flash Frequency   : 80 MHz (source: 80 MHz, divider: 1)
17:57:23.406 ->   Bus Mode          : QIO
17:57:23.406 -> ------------------------------------------
17:57:23.406 -> Partitions Info:
17:57:23.406 -> ------------------------------------------
17:57:23.406 ->                 nvs : addr: 0x00009000, size:    20.0 KB, type: DATA, subtype: NVS
17:57:23.406 ->             otadata : addr: 0x0000E000, size:     8.0 KB, type: DATA, subtype: OTA
17:57:23.406 ->                app0 : addr: 0x00010000, size:  3264.0 KB, type:  APP, subtype: OTA_0
17:57:23.406 ->                app1 : addr: 0x00340000, size:  3264.0 KB, type:  APP, subtype: OTA_1
17:57:23.406 ->              spiffs : addr: 0x00670000, size:  1536.0 KB, type: DATA, subtype: SPIFFS
17:57:23.406 ->            coredump : addr: 0x007F0000, size:    64.0 KB, type: DATA, subtype: COREDUMP
17:57:23.406 -> ------------------------------------------
17:57:23.406 -> Software Info:
17:57:23.406 -> ------------------------------------------
17:57:23.406 ->   Compile Date/Time : Jun 30 2026 14:52:27
17:57:23.406 ->   Compile Host OS   : windows
17:57:23.406 ->   ESP-IDF Version   : v5.5.4
17:57:23.406 ->   Arduino Version   : 3.3.10
17:57:23.406 -> ------------------------------------------
17:57:23.406 -> Board Info:
17:57:23.406 -> ------------------------------------------
17:57:23.406 ->   Arduino Board     : XIAO_ESP32S3
17:57:23.406 ->   Arduino Variant   : XIAO_ESP32S3
17:57:23.406 ->   Arduino FQBN      : esp32:esp32:XIAO_ESP32S3:JTAGAdapter=default,PSRAM=disabled,FlashMode=qio,FlashSize=8M,LoopCore=1,EventsCore=1,USBMode=hwcdc,CDCOnBoot=default,MSCOnBoot=default,DFUOnBoot=default,UploadMode=default,PartitionScheme=default_8MB,CPUFreq=240,UploadSpeed=115200,DebugLevel=verbose,EraseFlash=none
17:57:23.406 -> ============ Before Setup End ============
17:57:23.406 -> [  1606][V][esp32-hal-uart.c:807] uartSetPins(): UART0: Driver not yet installed, storing pins for later attachment (RX:44, TX:43)
17:57:23.406 -> [  1606][I][esp32-hal-periman.c:151] perimanSetPinBus(): Pin 19 already has type USB_DM (45) with bus 0x3fca2348
17:57:23.406 -> [  1607][I][esp32-hal-periman.c:151] perimanSetPinBus(): Pin 20 already has type USB_DP (46) with bus 0x3fca2348
17:57:23.406 -> 
17:57:23.406 -> [AeroSniffer] Booting...
17:57:23.406 -> C,boot,fw=local-dev git=unknown board=DeskBuddy2
17:57:23.406 -> [HW] DeskBuddy 2.0 — XIAO ESP32S3 + ST7789 240x240
17:57:23.406 -> [  1608][V][esp32-hal-periman.c:248] perimanSetBusDeinit(): Deinit function for type GPIO (1) successfully set to 0x420cf8ec
17:57:23.406 -> [  1609][V][esp32-hal-periman.c:173] perimanSetPinBus(): Pin 3 successfully set to type GPIO (1) with bus 0x4
17:57:23.406 -> [  1609][V][esp32-hal-periman.c:248] perimanSetBusDeinit(): Deinit function for type GPIO (1) successfully set to 0x420cf8ec
17:57:23.406 -> [  1610][V][esp32-hal-periman.c:173] perimanSetPinBus(): Pin 4 successfully set to type GPIO (1) with bus 0x5
17:57:23.406 -> [  1610][V][esp32-hal-periman.c:248] perimanSetBusDeinit(): Deinit function for type SPI_MASTER_SCK (34) successfully set to 0x42029f08
17:57:23.406 -> [  1611][V][esp32-hal-periman.c:248] perimanSetBusDeinit(): Deinit function for type SPI_MASTER_MISO (35) successfully set to 0x42029e30
17:57:23.406 -> [  1612][V][esp32-hal-periman.c:248] perimanSetBusDeinit(): Deinit function for type SPI_MASTER_MOSI (36) successfully set to 0x42029d50
17:57:23.406 -> [  1612][V][esp32-hal-periman.c:248] perimanSetBusDeinit(): Deinit function for type SPI_MASTER_SS (37) successfully set to 0x42029c38
17:57:23.406 -> [  1613][V][esp32-hal-periman.c:248] perimanSetBusDeinit(): Deinit function for type GPIO (1) successfully set to 0x420cf8ec
17:57:23.406 -> [  1614][V][esp32-hal-periman.c:173] perimanSetPinBus(): Pin 7 successfully set to type GPIO (1) with bus 0x8
17:57:23.406 -> [  1615][V][esp32-hal-periman.c:173] perimanSetPinBus(): Pin 7 successfully set to type SPI_MASTER_SCK (34) with bus 0x2
17:57:23.406 -> [  1615][V][esp32-hal-periman.c:248] perimanSetBusDeinit(): Deinit function for type GPIO (1) successfully set to 0x420cf8ec
17:57:23.406 -> [  1616][V][esp32-hal-periman.c:173] perimanSetPinBus(): Pin 9 successfully set to type GPIO (1) with bus 0xa
17:57:23.406 -> [  1616][V][esp32-hal-periman.c:173] perimanSetPinBus(): Pin 9 successfully set to type SPI_MASTER_MOSI (36) with bus 0x2
17:57:24.058 -> [EMOTION] Boot -> IDLE
17:57:24.058 -> EVT:{"type":"timeline","text":"Creature Awakened","tag":"system"}
17:57:24.058 -> [MOOD] begin -> RELAXED
17:57:24.058 -> [PERSIST] Boot 49 | touches=54 | runtime=993 min | playful=9 | anxious=0
17:57:24.058 -> [  2244][V][Preferences.cpp:423] getUInt(): nvs_get_u32 fail: boot_count NOT_FOUND
17:57:24.058 -> [MEM] begin -> 0 records (boot=0)
17:57:24.058 -> [ATTN] begin -> SOFT_FOCUS
17:57:24.058 -> [EVENTBUS] WARN: exceeded MAX_SUBSCRIBERS (32)
17:57:24.058 -> [EVENTBUS] WARN: exceeded MAX_SUBSCRIBERS (32)
17:57:24.058 -> [EVENTBUS] WARN: exceeded MAX_SUBSCRIBERS (32)
17:57:24.058 -> [EVENTBUS] WARN: exceeded MAX_SUBSCRIBERS (32)
17:57:24.058 -> [EVENTBUS] WARN: exceeded MAX_SUBSCRIBERS (32)
17:57:24.058 -> [EVENTBUS] WARN: exceeded MAX_SUBSCRIBERS (32)
17:57:24.058 -> [  2247][V][Preferences.cpp:399] getUShort(): nvs_get_u16 fail: c_col NOT_FOUND
17:57:24.058 -> [  2248][V][Preferences.cpp:399] getUShort(): nvs_get_u16 fail: w_col NOT_FOUND
17:57:24.058 -> [  2248][E][Preferences.cpp:506] getString(): nvs_get_str len fail: dev_name NOT_FOUND
17:57:24.058 -> [  2249][E][Preferences.cpp:506] getString(): nvs_get_str len fail: ap_ssid NOT_FOUND
17:57:24.058 -> [  2249][E][Preferences.cpp:506] getString(): nvs_get_str len fail: ap_pass NOT_FOUND
17:57:24.058 -> [  2250][V][Preferences.cpp:375] getUChar(): nvs_get_u8 fail: hg_enable NOT_FOUND
17:57:24.058 -> [BOOT] Aviation Enabled preference: true
17:57:24.058 -> [  2251][V][esp32-hal-periman.c:248] perimanSetBusDeinit(): Deinit function for type GPIO (1) successfully set to 0x420cf8ec
17:57:24.058 -> [  2252][V][esp32-hal-periman.c:173] perimanSetPinBus(): Pin 43 successfully set to type GPIO (1) with bus 0x2c
17:57:24.058 -> [INPUT] Capacitive touch on GPIO 43
17:57:24.058 -> [INPUT] Short tap = interact | Long press = mode switch
17:57:26.951 -> {"ready":1,"mode":"pet"}
17:57:26.998 -> [FACE] heartbeat
17:57:26.998 -> C,loop_us,153
17:57:26.998 -> [TOUCH] boot raw=0 pressed=0 active=0 ms=5180
17:57:26.998 -> =========== After Setup Start ============
17:57:26.998 -> INTERNAL Memory Info:
17:57:26.998 -> ------------------------------------------
17:57:26.998 ->   Total Size        :   334048 B ( 326.2 KB)
17:57:26.998 ->   Free Bytes        :   150768 B ( 147.2 KB)
17:57:26.998 ->   Allocated Bytes   :   177424 B ( 173.3 KB)
17:57:26.998 ->   Minimum Free Bytes:   150768 B ( 147.2 KB)
17:57:26.998 ->   Largest Free Block:   104436 B ( 102.0 KB)
17:57:26.998 -> ------------------------------------------
17:57:26.998 -> GPIO Info:
17:57:26.998 -> ------------------------------------------
17:57:26.998 ->   GPIO : BUS_TYPE[bus/unit][chan]
17:57:26.998 ->   --------------------------------------  
17:57:26.998 ->      3 : GPIO
17:57:26.998 ->      4 : GPIO
17:57:26.998 ->      7 : SPI_MASTER_SCK[1]
17:57:26.998 ->      9 : SPI_MASTER_MOSI[1]
17:57:26.998 ->     19 : USB_DM
17:57:26.998 ->     20 : USB_DP
17:57:26.998 ->     43 : GPIO
17:57:26.998 -> ============ After Setup End =============
17:57:27.232 -> [TOUCH] boot raw=0 pressed=0 active=0 ms=5444
17:57:27.512 -> [TOUCH] boot raw=0 pressed=0 active=0 ms=5708
17:57:27.796 -> [TOUCH] boot raw=0 pressed=0 active=0 ms=5972
17:57:28.030 -> [FACE] heartbeat
17:57:28.030 -> C,loop_us,124
17:57:28.030 -> [TOUCH] boot raw=0 pressed=0 active=0 ms=6236
17:57:28.311 -> [TOUCH] boot raw=0 pressed=0 active=0 ms=6500
17:57:28.543 -> [TOUCH] boot raw=0 pressed=0 active=0 ms=6764
17:57:28.825 -> [TOUCH] boot raw=0 pressed=0 active=0 ms=7028
17:57:29.107 -> [FACE] heartbeat
17:57:29.107 -> C,loop_us,122
17:57:29.107 -> [TOUCH] boot raw=0 pressed=0 active=0 ms=7292
17:57:29.342 -> [TOUCH] boot raw=0 pressed=0 active=0 ms=7556
17:57:29.623 -> [TOUCH] boot raw=0 pressed=0 active=0 ms=7820
17:57:29.905 -> [TOUCH] boot raw=0 pressed=0 active=0 ms=8084
17:57:30.137 -> [FACE] heartbeat
17:57:30.137 -> C,loop_us,121
17:57:30.137 -> [TOUCH] boot raw=0 pressed=0 active=0 ms=8348
17:57:30.418 -> [TOUCH] boot raw=0 pressed=0 active=0 ms=8612
17:57:30.696 -> [TOUCH] boot raw=0 pressed=0 active=0 ms=8876
17:57:30.929 -> [TOUCH] boot raw=0 pressed=0 active=0 ms=9140
17:57:31.209 -> [FACE] heartbeat
17:57:31.209 -> C,loop_us,120
17:57:31.209 -> [TOUCH] boot raw=0 pressed=0 active=0 ms=9404
17:57:31.489 -> [TOUCH] boot raw=0 pressed=0 active=0 ms=9668
17:57:31.725 -> [TOUCH] boot raw=0 pressed=0 active=0 ms=9932
17:57:32.240 -> [FACE] heartbeat
17:57:32.240 -> C,loop_us,116
17:57:33.310 -> [FACE] heartbeat
17:57:33.310 -> C,loop_us,115
17:57:34.385 -> [FACE] heartbeat
17:57:34.385 -> C,loop_us,109
17:57:35.417 -> [FACE] heartbeat
17:57:35.417 -> C,loop_us,114
17:57:36.493 -> [FACE] heartbeat
17:57:36.493 -> C,loop_us,115
17:57:37.519 -> [FACE] heartbeat
17:57:37.519 -> C,loop_us,116
17:57:38.593 -> [FACE] heartbeat
17:57:38.593 -> C,loop_us,115
17:57:39.666 -> [FACE] heartbeat
17:57:39.666 -> C,loop_us,115
17:57:40.693 -> [FACE] heartbeat
17:57:40.693 -> C,loop_us,114
17:57:41.759 -> [FACE] heartbeat
17:57:41.759 -> C,loop_us,116
17:57:42.834 -> [FACE] heartbeat
17:57:42.834 -> C,loop_us,119
17:57:43.859 -> [FACE] heartbeat
17:57:43.859 -> C,loop_us,116
17:57:44.933 -> [FACE] heartbeat
17:57:44.933 -> C,loop_us,115
17:57:46.002 -> [FACE] heartbeat
17:57:46.002 -> C,loop_us,120
17:57:47.030 -> [FACE] heartbeat
17:57:47.030 -> C,loop_us,115
17:57:48.104 -> [FACE] heartbeat
17:57:48.104 -> C,loop_us,119
17:57:49.178 -> [FACE] heartbeat
17:57:49.178 -> C,loop_us,115
17:57:50.202 -> [FACE] heartbeat
17:57:50.202 -> C,loop_us,116
17:57:51.281 -> [FACE] heartbeat
17:57:51.281 -> C,loop_us,115
17:57:51.795 -> [TOUCH] transition raw=1 pressed=1 ms=29996
17:57:51.795 -> [TOUCH] START raw=1 ms=29996
17:57:51.981 -> [TOUCH] transition raw=0 pressed=0 ms=30172
17:57:51.981 -> [TOUCH] RELEASE raw=0 duration=176 ms=30172
17:57:51.981 -> [TOUCH] TAP
17:57:51.981 -> [EMOTION] IDLE -> EXCITED
17:57:51.981 -> EVT:{"type":"timeline","text":"User tap interaction","tag":"touch"}
17:57:52.308 -> [FACE] heartbeat
17:57:52.308 -> C,loop_us,126
17:57:53.384 -> [FACE] heartbeat
17:57:53.384 -> C,loop_us,124
17:57:54.460 -> [FACE] heartbeat
17:57:54.460 -> C,loop_us,121
17:57:55.488 -> [FACE] heartbeat
17:57:55.488 -> C,loop_us,119
17:57:56.557 -> [FACE] heartbeat
17:57:56.557 -> C,loop_us,120
17:57:56.975 -> [EMOTION] EXCITED -> IDLE (timeout)
17:57:57.631 -> [FACE] heartbeat
17:57:57.631 -> C,loop_us,116
17:57:58.663 -> [FACE] heartbeat
17:57:58.663 -> C,loop_us,112
17:57:59.738 -> [FACE] heartbeat
17:57:59.738 -> C,loop_us,112
17:58:00.763 -> [FACE] heartbeat
17:58:00.763 -> C,loop_us,117
17:58:01.838 -> [FACE] heartbeat
17:58:01.838 -> C,loop_us,112
17:58:02.912 -> [FACE] heartbeat
17:58:02.912 -> C,loop_us,112
17:58:03.941 -> [FACE] heartbeat
17:58:03.941 -> C,loop_us,112
17:58:05.006 -> [FACE] heartbeat
17:58:05.006 -> C,loop_us,112
17:58:06.034 -> [FACE] heartbeat
17:58:06.034 -> C,loop_us,111
17:58:06.034 -> [TOUCH] transition raw=1 pressed=1 ms=44256
17:58:06.034 -> [TOUCH] START raw=1 ms=44256
17:58:06.222 -> [TOUCH] transition raw=0 pressed=0 ms=44432
17:58:06.222 -> [TOUCH] RELEASE raw=0 duration=176 ms=44432
17:58:06.222 -> [TOUCH] TAP
17:58:06.222 -> [EMOTION] IDLE -> SURPRISED
17:58:06.222 -> EVT:{"type":"timeline","text":"User tap interaction","tag":"touch"}
17:58:07.110 -> [FACE] heartbeat
17:58:07.110 -> C,loop_us,140
17:58:07.996 -> [TOUCH] transition raw=1 pressed=1 ms=46196
17:58:07.996 -> [TOUCH] START raw=1 ms=46196
17:58:08.182 -> [FACE] heartbeat
17:58:08.182 -> C,loop_us,112
17:58:08.275 -> [TOUCH] transition raw=0 pressed=0 ms=46460
17:58:08.275 -> [TOUCH] RELEASE raw=0 duration=264 ms=46460
17:58:08.275 -> [TOUCH] TAP
17:58:08.275 -> EVT:{"type":"timeline","text":"User tap interaction","tag":"touch"}
17:58:09.212 -> [FACE] heartbeat
17:58:09.212 -> C,loop_us,135
17:58:10.285 -> [FACE] heartbeat
17:58:10.285 -> C,loop_us,115
17:58:11.356 -> [FACE] heartbeat
17:58:11.356 -> C,loop_us,110
17:58:12.382 -> [FACE] heartbeat
17:58:12.382 -> C,loop_us,110
17:58:13.267 -> [EMOTION] SURPRISED -> IDLE (timeout)
17:58:13.267 -> [TOUCH] transition raw=1 pressed=1 ms=51480
17:58:13.267 -> [TOUCH] START raw=1 ms=51480
17:58:13.454 -> [FACE] heartbeat
17:58:13.454 -> C,loop_us,111
17:58:13.454 -> [TOUCH] transition raw=0 pressed=0 ms=51656
17:58:13.454 -> [TOUCH] RELEASE raw=0 duration=176 ms=51656
17:58:13.454 -> [TOUCH] TAP
17:58:14.529 -> [FACE] heartbeat
17:58:14.529 -> C,loop_us,125
17:58:14.529 -> [TOUCH] transition raw=1 pressed=1 ms=52712
17:58:14.529 -> [TOUCH] START raw=1 ms=52712
17:58:14.670 -> [TOUCH] transition raw=0 pressed=0 ms=52888
17:58:14.670 -> [TOUCH] RELEASE raw=0 duration=176 ms=52888
17:58:14.670 -> [TOUCH] TAP
17:58:14.670 -> [EMOTION] IDLE -> SURPRISED
17:58:14.670 -> EVT:{"type":"timeline","text":"User tap interaction","tag":"touch"}
17:58:15.551 -> [FACE] heartbeat
17:58:15.551 -> C,loop_us,133
17:58:16.618 -> [FACE] heartbeat
17:58:16.618 -> C,loop_us,120
17:58:17.690 -> [FACE] heartbeat
17:58:17.690 -> C,loop_us,117
17:58:18.749 -> [FACE] heartbeat
17:58:18.749 -> C,loop_us,117
17:58:19.686 -> [EMOTION] SURPRISED -> IDLE (timeout)
17:58:19.780 -> [FACE] heartbeat
17:58:19.780 -> C,loop_us,124
17:58:20.852 -> [FACE] heartbeat
17:58:20.852 -> C,loop_us,120
17:58:21.834 -> [MEM] tick: records=1 strength=64
17:58:21.926 -> [FACE] heartbeat
17:58:21.926 -> C,loop_us,122
17:58:22.953 -> [FACE] heartbeat
17:58:22.953 -> C,loop_us,116
17:58:23.047 -> [TOUCH] transition raw=1 pressed=1 ms=61252
17:58:23.047 -> [TOUCH] START raw=1 ms=61252
17:58:24.026 -> [FACE] heartbeat
17:58:24.026 -> C,loop_us,120
17:58:25.100 -> [FACE] heartbeat
17:58:25.100 -> C,loop_us,149
17:58:25.147 -> [TOUCH] transition raw=0 pressed=0 ms=63367
17:58:25.147 -> [TOUCH] RELEASE raw=0 duration=2115 ms=63367
17:58:25.147 -> [TOUCH] LONG_PRESS
17:58:25.147 -> [MODE] Transitioning: 0 -> 1
17:58:25.194 -> [DBG] BEFORE teardown
17:58:25.194 -> [WiFiService] Stop WiFi (owner=none, mode=0, promisc=0)
17:58:25.194 -> [ 63372][E][STA.cpp:540] disconnect(): STA disconnect failed! 0x3001: ESP_ERR_WIFI_NOT_INIT
17:58:25.194 -> [ 63388][V][NetworkEvents.cpp:132] _checkForEvent(): Network Event: 101 - WIFI_READY
17:58:25.240 -> [ 63424][V][AP.cpp:113] _onApEvent(): AP Started
17:58:25.240 -> [ 63425][V][NetworkEvents.cpp:132] _checkForEvent(): Network Event: 130 - AP_START
17:58:25.240 -> [ 63425][V][AP.cpp:93] _onApArduinoEvent(): Arduino AP Event: 130 - AP_START
17:58:25.240 -> [ 63431][V][AP.cpp:117] _onApEvent(): AP Stopped
17:58:25.240 -> [ 63432][V][NetworkEvents.cpp:132] _checkForEvent(): Network Event: 131 - AP_STOP
17:58:25.240 -> [ 63432][[ V6]3[4A3P2.]c[pVp]:[1A1P3.]c p_po:n9A3p]E v_eonntA(p)A:r dAuPi nSotEavretendt
(
17:58:25.240 -> ): Arduino AP Event: 131 - AP_STOP
17:58:25.240 -> [ 63433][[ V6]3[4AP.3c3p]p[:V1]1[7N]e _townoArpkEEvveenntt(s).:c pApP: 1S3t2o]p pe_dc
h
17:58:25.240 -> eckForEvent(): Network Event: 130 - AP_START
17:58:25.240 -> [ 63433][V][AP.cpp:93] _onApArduinoEvent(): Arduino AP Event: 130 - AP_START
17:58:25.240 -> [ 63434][V][NetworkEvents.cpp:132] _checkForEvent(): Network Event: 131 - AP_STOP
17:58:25.240 -> [ 63434][V][AP.cpp:93] _onApArduinoEvent(): Arduino AP Event: 131 - AP_STOP
17:58:25.240 -> [ 63438][V][NetworkEvents.cpp:132] _checkForEvent(): Network Event: 100 - WIFI_OFF
17:58:25.240 -> [ 63439][V][NetworkInterface.cpp:264] destroyNetif(): Unregistered event handler
17:58:25.753 -> [WiFiService] WiFi stopped.
17:58:25.753 -> [DBG] AFTER teardown
17:58:25.753 -> [MODE] Teardown of mode 0 complete
17:58:25.753 -> [ATTN] pause (was SOFT_FOCUS)
17:58:25.753 -> [DBG] AFTER pause
17:58:26.360 -> [DBG] AFTER splash
17:58:26.360 -> [DBG] BEFORE setup
17:58:26.360 -> [SEC] === security_setup START (PORTAL v2) ===
17:58:26.360 -> [WiFiService] Start AP: 'AeroSniffer-Test' (owner=startAP, mode=0)
17:58:26.408 -> [ 64591][V][NetworkEvents.cpp:132] _checkForEvent(): Network Event: 101 - WIFI_READY
17:58:26.408 -> [ 64594][V][AP.cpp:113] _onApEvent(): AP Started
17:58:26.408 -> [ 64595][V][NetworkEvents.cpp:132] _checkForEvent(): Network Event: 130 - AP_START
17:58:26.408 -> [ 64595][V][AP.cpp:93] _onApArduinoEvent(): Arduino AP Event: 130 - AP_START
17:58:26.688 -> [ 64868][V][AP.cpp:117] _onApEvent(): AP Stopped
17:58:26.688 -> [ 64869][V][NetworkEvents.cpp:132] _checkForEvent(): Network Event: 131 - AP_STOP
17:58:26.688 -> [ 64869][V][AP.cpp:93] _onApArduinoEvent(): Arduino AP Event: 131 - AP_STOP
17:58:26.734 -> [WiFiService] AP started. mode=2 softAPIP=192.168.4.1
17:58:26.734 -> [SEC] AP config: channel=1 auth=3 max_conn=4
17:58:26.734 -> [PORTAL] Starting WebServer...
17:58:26.734 -> [ 649[2 66]4[9V2]6[]A[PV.]c[pNpe:t1w1o3r]k _SoenrAvpeErv.ehn:t4(1)]:  ANPe tSwtoarrktSeedr
17:58:26.734 -> ver(): Net[ 64926][V][NetworkEvents.cpp:132] _checkForEvent(): Network Event: 130 - AP_START
17:58:26.734 -> [ 64927][V][AP.cpp:93] _onApArduinoEvent(): Arduino AP Event: 130 - AP_START
17:58:26.734 -> workServer::NetworkServer(port=80, ...)
17:58:26.734 -> [ 64927][V][WebServer.cpp:49] WebServer(): WebServer::Webserver(port=80)
17:58:26.734 -> [PORTAL] WebServer on port 80
17:58:26.734 -> [PORTAL] Open http://192.168.4.1
17:58:26.734 -> [SEC] === security_setup DONE ===
17:58:26.780 -> [DBG] AFTER setup
17:58:26.780 -> [MODE] Setup of mode 1 complete
17:58:26.780 -> [ATTN] resume -> SOFT_FOCUS
17:58:26.780 -> [DBG] AFTER resume
17:58:26.780 -> [WiFiService] setChannel(2) mode=2 (owner=setPromiscuous)
17:58:26.780 -> [WiFiService] setPromiscuous(true) mode=2 (owner=setPromiscuous)
17:58:26.873 -> [WiFiService] Sniffing active
17:58:26.873 -> [FACE] heartbeat
17:58:26.873 -> C,loop_us,153
17:58:26.966 -> [WiFiService] setChannel(3) mode=2 (owner=setPromiscuous)
17:58:27.108 -> [WiFiService] setChannel(4) mode=2 (owner=setPromiscuous)
17:58:27.292 -> [WiFiService] setChannel(5) mode=2 (owner=setPromiscuous)
17:58:27.479 -> [WiFiService] setChannel(6) mode=2 (owner=setPromiscuous)
17:58:27.666 -> [WiFiService] setChannel(7) mode=2 (owner=setPromiscuous)
17:58:27.853 -> [WiFiService] setChannel(8) mode=2 (owner=setPromiscuous)
17:58:27.947 -> [FACE] heartbeat
17:58:27.947 -> C,loop_us,212
17:58:28.038 -> [WiFiService] setChannel(9) mode=2 (owner=setPromiscuous)
17:58:28.224 -> [WiFiService] setChannel(10) mode=2 (owner=setPromiscuous)
17:58:28.411 -> [WiFiService] setChannel(11) mode=2 (owner=setPromiscuous)
17:58:28.550 -> [WiFiService] setChannel(12) mode=2 (owner=setPromiscuous)
17:58:28.737 -> [WiFiService] setChannel(13) mode=2 (owner=setPromiscuous)
17:58:28.924 -> [WiFiService] setChannel(1) mode=2 (owner=setPromiscuous)
17:58:29.017 -> [FACE] heartbeat
17:58:29.017 -> C,loop_us,217
17:58:29.109 -> [WiFiService] setChannel(2) mode=2 (owner=setPromiscuous)
17:58:29.297 -> [WiFiService] setChannel(3) mode=2 (owner=setPromiscuous)
17:58:29.484 -> [WiFiService] setChannel(4) mode=2 (owner=setPromiscuous)
17:58:29.671 -> [WiFiService] setChannel(5) mode=2 (owner=setPromiscuous)
17:58:29.810 -> [WiFiService] setChannel(6) mode=2 (owner=setPromiscuous)
17:58:29.997 -> [WiFiService] setChannel(7) mode=2 (owner=setPromiscuous)
17:58:30.044 -> [FACE] heartbeat
17:58:30.044 -> C,loop_us,179
17:58:30.184 -> [WiFiService] setChannel(8) mode=2 (owner=setPromiscuous)
17:58:30.372 -> [WiFiService] setChannel(9) mode=2 (owner=setPromiscuous)
17:58:30.559 -> [WiFiService] setChannel(10) mode=2 (owner=setPromiscuous)
17:58:30.700 -> [EMOTION] IDLE -> ALERT
17:58:30.700 -> EVT:{"type":"timeline","text":"Discovered AP","tag":"network"}
17:58:30.746 -> [WiFiService] setChannel(11) mode=2 (owner=setPromiscuous)
17:58:30.932 -> [WiFiService] setChannel(12) mode=2 (owner=setPromiscuous)
17:58:31.073 -> [WiFiService] setChannel(13) mode=2 (owner=setPromiscuous)
17:58:31.119 -> [FACE] heartbeat
17:58:31.119 -> C,loop_us,162
17:58:31.259 -> [WiFiService] setChannel(1) mode=2 (owner=setPromiscuous)
17:58:31.448 -> [WiFiService] setChannel(2) mode=2 (owner=setPromiscuous)
17:58:31.634 -> [WiFiService] setChannel(3) mode=2 (owner=setPromiscuous)
17:58:31.819 -> [WiFiService] setChannel(4) mode=2 (owner=setPromiscuous)
17:58:32.007 -> [WiFiService] setChannel(5) mode=2 (owner=setPromiscuous)
17:58:32.147 -> [WiFiService] setChannel(6) mode=2 (owner=setPromiscuous)
17:58:32.195 -> [FACE] heartbeat
17:58:32.195 -> C,loop_us,191
17:58:32.334 -> [WiFiService] setChannel(7) mode=2 (owner=setPromiscuous)
17:58:32.522 -> [WiFiService] setChannel(8) mode=2 (owner=setPromiscuous)
17:58:32.708 -> [WiFiService] setChannel(9) mode=2 (owner=setPromiscuous)
17:58:32.894 -> [WiFiService] setChannel(10) mode=2 (owner=setPromiscuous)
17:58:33.080 -> [WiFiService] setChannel(11) mode=2 (owner=setPromiscuous)
17:58:33.221 -> [FACE] heartbeat
17:58:33.221 -> C,loop_us,213
17:58:33.267 -> [WiFiService] setChannel(12) mode=2 (owner=setPromiscuous)
17:58:33.409 -> [WiFiService] setChannel(13) mode=2 (owner=setPromiscuous)
17:58:33.595 -> [WiFiService] setChannel(1) mode=2 (owner=setPromiscuous)
17:58:33.782 -> [WiFiService] setChannel(2) mode=2 (owner=setPromiscuous)
17:58:33.970 -> [WiFiService] setChannel(3) mode=2 (owner=setPromiscuous)
17:58:34.159 -> [WiFiService] setChannel(4) mode=2 (owner=setPromiscuous)
17:58:34.299 -> [FACE] heartbeat
17:58:34.299 -> C,loop_us,215
17:58:34.345 -> [WiFiService] setChannel(5) mode=2 (owner=setPromiscuous)
17:58:34.485 -> [WiFiService] setChannel(6) mode=2 (owner=setPromiscuous)
17:58:34.673 -> [WiFiService] setChannel(7) mode=2 (owner=setPromiscuous)
17:58:34.813 -> [TOUCH] transition raw=1 pressed=1 ms=73031
17:58:34.813 -> [TOUCH] START raw=1 ms=73031
17:58:34.860 -> [WiFiService] setChannel(8) mode=2 (owner=setPromiscuous)
17:58:34.953 -> [TOUCH] transition raw=0 pressed=0 ms=73138
17:58:34.953 -> [TOUCH] RELEASE raw=0 duration=107 ms=73138
17:58:34.953 -> [TOUCH] TAP
17:58:34.953 -> [SEC] Touch tap detected, sec_hud_mode=0
17:58:34.953 -> [EMOTION] ALERT -> THINKING
17:58:35.046 -> [WiFiService] setChannel(9) mode=2 (owner=setPromiscuous)
17:58:35.234 -> [WiFiService] setChannel(10) mode=2 (owner=setPromiscuous)
17:58:35.375 -> [FACE] heartbeat
17:58:35.375 -> C,loop_us,209
17:58:35.422 -> [WiFiService] setChannel(11) mode=2 (owner=setPromiscuous)
17:58:35.609 -> [WiFiService] setChannel(12) mode=2 (owner=setPromiscuous)
17:58:35.748 -> [WiFiService] setChannel(13) mode=2 (owner=setPromiscuous)
17:58:35.795 -> [PC] Typing stop
17:58:35.795 -> [EMOTION] THINKING -> IDLE (timeout)
17:58:35.936 -> [WiFiService] setChannel(1) mode=2 (owner=setPromiscuous)
17:58:35.984 -> [EMOTION] IDLE -> THINKING
17:58:36.123 -> [WiFiService] setChannel(2) mode=2 (owner=setPromiscuous)
17:58:36.309 -> [WiFiService] setChannel(3) mode=2 (owner=setPromiscuous)
17:58:36.449 -> [FACE] heartbeat
17:58:36.449 -> C,loop_us,211
17:58:36.496 -> [WiFiService] setChannel(4) mode=2 (owner=setPromiscuous)
17:58:36.685 -> [WiFiService] setChannel(5) mode=2 (owner=setPromiscuous)
17:58:36.827 -> [WiFiService] setChannel(6) mode=2 (owner=setPromiscuous)
17:58:37.013 -> [WiFiService] setChannel(7) mode=2 (owner=setPromiscuous)
17:58:37.201 -> [WiFiService] setChannel(8) mode=2 (owner=setPromiscuous)
17:58:37.387 -> [WiFiService] setChannel(9) mode=2 (owner=setPromiscuous)
17:58:37.481 -> [FACE] heartbeat
17:58:37.481 -> C,loop_us,217
17:58:37.574 -> [WiFiService] setChannel(10) mode=2 (owner=setPromiscuous)
17:58:37.574 -> [TOUCH] transition raw=1 pressed=1 ms=75797
17:58:37.574 -> [TOUCH] START raw=1 ms=75797
17:58:37.762 -> [WiFiService] setChannel(11) mode=2 (owner=setPromiscuous)
17:58:37.947 -> [WiFiService] setChannel(12) mode=2 (owner=setPromiscuous)
17:58:38.087 -> [WiFiService] setChannel(13) mode=2 (owner=setPromiscuous)
17:58:38.275 -> [WiFiService] setChannel(1) mode=2 (owner=setPromiscuous)
17:58:38.462 -> [WiFiService] setChannel(2) mode=2 (owner=setPromiscuous)
17:58:38.554 -> [FACE] heartbeat
17:58:38.554 -> C,loop_us,213
17:58:38.649 -> [WiFiService] setChannel(3) mode=2 (owner=setPromiscuous)
17:58:38.834 -> [WiFiService] setChannel(4) mode=2 (owner=setPromiscuous)
17:58:39.022 -> [WiFiService] setChannel(5) mode=2 (owner=setPromiscuous)
17:58:39.209 -> [WiFiService] setChannel(6) mode=2 (owner=setPromiscuous)
17:58:39.350 -> [WiFiService] setChannel(7) mode=2 (owner=setPromiscuous)
17:58:39.537 -> [WiFiService] setChannel(8) mode=2 (owner=setPromiscuous)
17:58:39.630 -> [FACE] heartbeat
17:58:39.630 -> C,loop_us,180
17:58:39.724 -> [WiFiService] setChannel(9) mode=2 (owner=setPromiscuous)
17:58:39.910 -> [WiFiService] setChannel(10) mode=2 (owner=setPromiscuous)
17:58:40.096 -> [WiFiService] setChannel(11) mode=2 (owner=setPromiscuous)
17:58:40.282 -> [WiFiService] setChannel(12) mode=2 (owner=setPromiscuous)
17:58:40.471 -> [WiFiService] setChannel(13) mode=2 (owner=setPromiscuous)
17:58:40.612 -> [WiFiService] setChannel(1) mode=2 (owner=setPromiscuous)
17:58:40.705 -> [FACE] heartbeat
17:58:40.705 -> C,loop_us,213
17:58:40.796 -> [TOUCH] transition raw=0 pressed=0 ms=78991
17:58:40.796 -> [TOUCH] RELEASE raw=0 duration=3194 ms=78991
17:58:40.796 -> [TOUCH] LONG_PRESS
17:58:40.796 -> [MODE] Transitioning: 1 -> 2
17:58:40.796 -> [DBG] BEFORE teardown
17:58:40.796 -> [WiFiService] setPromiscuous(false) mode=2 (owner=setPromiscuous)
17:58:40.796 -> [WiFiService] Sniffing stopped
17:58:40.796 -> [WiFiService] Stop WiFi (owner=setPromiscuous, mode=2, promisc=0)
17:58:40.796 -> [ 78996][E][STA.cpp:540] disconnect(): STA disconnect failed! 0xffffffff: ESP_FAIL
17:58:40.796 -> [ 79004][V][AP.cpp:117] _onApEvent(): AP Stopped
17:58:40.796 -> [ 79005][V][NetworkEvents.cpp:132] _checkForEvent(): Network Event: 131 - AP_STOP
17:58:40.796 -> [ 79005][V][AP.cpp:93] _onApArduinoEvent(): Arduino AP Event: 131 - AP_STOP
17:58:40.796 -> [ 79011][V][AP.cpp:113] _onApEvent(): AP Started
17:58:40.796 -> [ 79011][V][Networ[k E7v9e0n1t1s].[cV]p[pA:P1.3c2p]p :_1c17h]e c_koFnoArpEEvveenntt(())::  NAePt wSotrokp pEevde
n
17:58:40.796 -> t: 130 - AP_START
17:58:40.796 -> [ 79012][V][AP.cpp:93] _onApArduinoEvent(): Arduino AP Event: 130 - AP_START
17:58:40.796 -> [ 79012][V][NetworkEvents.cpp:132] _checkForEvent(): Network Event: 131 - AP_STOP
17:58:40.796 -> [ 79013][V][AP.cpp:93] _onApArduinoEvent(): Arduino AP Event: 131 - AP_STOP
17:58:40.796 -> [ 79017][V][NetworkEvents.cpp:132] _checkForEvent(): Network Event: 100 - WIFI_OFF
17:58:40.796 -> [ 79018][V][NetworkInterface.cpp:264] destroyNetif(): Unregistered event handler
17:58:41.308 -> [WiFiService] WiFi stopped.
17:58:41.308 -> [DBG] AFTER teardown
17:58:41.308 -> [MODE] Teardown of mode 1 complete
17:58:41.308 -> [ATTN] pause (was SOFT_FOCUS)
17:58:41.308 -> [DBG] AFTER pause
17:58:41.962 -> [DBG] AFTER splash
17:58:41.962 -> [DBG] BEFORE setup
17:58:41.962 -> [AVI] Box: 22.66 76.50 23.86 78.30
17:58:42.009 -> [DBG] AFTER setup
17:58:42.009 -> [MODE] Setup of mode 2 complete
17:58:42.009 -> [ATTN] resume -> SOFT_FOCUS
17:58:42.009 -> [DBG] AFTER resume
17:58:42.009 -> [AVI] Rendering 0 aircraft
17:58:42.148 -> [FACE] heartbeat
17:58:42.148 -> C,loop_us,170
17:58:42.148 -> [AVI] Rendering 0 aircraft
17:58:42.288 -> [AVI] Rendering 0 aircraft
17:58:42.428 -> [AVI] Rendering 0 aircraft
17:58:42.567 -> [AVI] Rendering 0 aircraft
17:58:42.708 -> [AVI] Rendering 0 aircraft
17:58:42.848 -> [AVI] Rendering 0 aircraft
17:58:42.988 -> [AVI] Rendering 0 aircraft
17:58:43.130 -> [FACE] heartbeat
17:58:43.130 -> C,loop_us,119
17:58:43.130 -> [AVI] Rendering 0 aircraft
17:58:43.269 -> [AVI] Rendering 0 aircraft
17:58:43.408 -> [AVI] Rendering 0 aircraft
17:58:43.548 -> [AVI] Rendering 0 aircraft
17:58:43.688 -> [AVI] Rendering 0 aircraft
17:58:43.875 -> [AVI] Rendering 0 aircraft
17:58:44.014 -> [AVI] Rendering 0 aircraft
17:58:44.154 -> [FACE] heartbeat
17:58:44.154 -> C,loop_us,118
17:58:44.154 -> [AVI] Rendering 0 aircraft
17:58:44.296 -> [AVI] Rendering 0 aircraft
17:58:44.434 -> [AVI] Rendering 0 aircraft
17:58:44.576 -> [AVI] Rendering 0 aircraft
17:58:44.715 -> [AVI] Rendering 0 aircraft
17:58:44.854 -> [AVI] Rendering 0 aircraft
17:58:44.996 -> [WiFiService] STA Connect -> 'Aryan Gupta' (owner=connectSTA)
17:58:44.996 -> [WiFiService] WiFi mode before: 0 status: 254
17:58:44.996 -> [ 83195][E][STA.cpp:540] disconnect(): STA disconnect failed! 0x3001: ESP_ERR_WIFI_NOT_INIT
17:58:44.996 -> [AVI] Rendering 0 aircraft
17:58:44.996 -> [ 83209][V][NetworkEvents.cpp:132] _checkForEvent(): Network Event: 101 - WIFI_READY
17:58:44.996 -> [ 83214][V][STA.cpp:194] _onStaEvent(): STA Started
17:58:44.996 -> [ 83215][V][NetworkEvents.cpp:132] _checkForEvent(): Network Event: 110 - STA_START
17:58:44.996 -> [ 83215][V][STA.cpp:118] _onStaArduinoEvent(): Arduino STA Event: 110 - STA_START
17:58:45.134 -> [FACE] heartbeat
17:58:45.134 -> C,loop_us,188
17:58:45.134 -> [AVI] Rendering 0 aircraft
17:58:45.273 -> [AVI] Rendering 0 aircraft
17:58:45.458 -> [AVI] Rendering 0 aircraft
17:58:45.598 -> [AVI] Rendering 0 aircraft
17:58:45.738 -> [AVI] Rendering 0 aircraft
17:58:45.879 -> [AVI] Rendering 0 aircraft
17:58:46.019 -> [AVI] Rendering 0 aircraft
17:58:46.158 -> [FACE] heartbeat
17:58:46.158 -> C,loop_us,215
17:58:46.158 -> [AVI] Rendering 0 aircraft
17:58:46.298 -> [AVI] Rendering 0 aircraft
17:58:46.440 -> [AVI] Rendering 0 aircraft
17:58:46.580 -> [AVI] Rendering 0 aircraft
17:58:46.720 -> [AVI] Rendering 0 aircraft
17:58:46.860 -> [AVI] Rendering 0 aircraft
17:58:46.999 -> [AVI] Rendering 0 aircraft
17:58:47.142 -> [FACE] heartbeat
17:58:47.142 -> C,loop_us,118
17:58:47.142 -> [AVI] Rendering 0 aircraft
17:58:47.281 -> [AVI] Rendering 0 aircraft
17:58:47.421 -> [AVI] Rendering 0 aircraft
17:58:47.561 -> [AVI] Rendering 0 aircraft
17:58:47.747 -> [AVI] Rendering 0 aircraft
17:58:47.887 -> [AVI] Rendering 0 aircraft
17:58:47.934 -> [ 86138][V][STA.cpp:224] _onStaEvent(): STA Disconnected: SSID: Aryan Gupta, BSSID: 00:00:00:00:00:00, Reason: 201
17:58:47.934 -> [ 86138][V][NetworkEvents.cpp:132] _checkForEvent(): Network Event: 113 - STA_DISCONNECTED
17:58:47.934 -> [ 86139][V][STA.cpp:118] _onStaArduinoEvent(): Arduino STA Event: 113 - STA_DISCONNECTED
17:58:47.934 -> [ 86139][W][STA.cpp:145] _onStaArduinoEvent(): Reason: 201 - NO_AP_FOUND
17:58:47.934 -> [ 86140][D][STA.cpp:163] _onStaArduinoEvent(): WiFi Reconnect Running
17:58:47.934 -> [WIFI] Disconnect reason=201
17:58:47.934 -> [ 86141][V][STA.cpp:224] _onStaEvent(): STA Disconnected: SSID: Aryan Gupta, BSSID: 00:00:00:00:00:00, Reason: 36
17:58:47.934 -> [ 86144][V][NetworkEvents.cpp:132] _checkForEvent(): Network Event: 113 - STA_DISCONNECTED
17:58:47.934 -> [ 86144][V][STA.cpp:118] _onStaArduinoEvent(): Arduino STA Event: 113 - STA_DISCONNECTED
17:58:47.934 -> [ 86145][W][STA.cpp:145] _onStaArduinoEvent(): Reason: 36 - STA_LEAVING
17:58:47.934 -> [WIFI] Disconnect reason=36
17:58:48.029 -> [AVI] Rendering 0 aircraft
17:58:48.168 -> [FACE] heartbeat
17:58:48.168 -> C,loop_us,203
17:58:48.168 -> [AVI] Rendering 0 aircraft
17:58:48.309 -> [AVI] Rendering 0 aircraft
17:58:48.448 -> [AVI] Rendering 0 aircraft
17:58:48.588 -> [AVI] Rendering 0 aircraft
17:58:48.729 -> [AVI] Rendering 0 aircraft
17:58:48.870 -> [AVI] Rendering 0 aircraft
17:58:49.012 -> [AVI] Rendering 0 aircraft
17:58:49.152 -> [FACE] heartbeat
17:58:49.152 -> C,loop_us,207
17:58:49.152 -> [AVI] Rendering 0 aircraft
17:58:49.292 -> [AVI] Rendering 0 aircraft
17:58:49.434 -> [AVI] Rendering 0 aircraft
17:58:49.573 -> [AVI] Rendering 0 aircraft
17:58:49.713 -> [AVI] Rendering 0 aircraft
17:58:49.852 -> [AVI] Rendering 0 aircraft
17:58:49.995 -> [AVI] Rendering 0 aircraft
17:58:50.135 -> [FACE] heartbeat
17:58:50.135 -> C,loop_us,115
17:58:50.135 -> [AVI] Rendering 0 aircraft
17:58:50.276 -> [AVI] Rendering 0 aircraft
17:58:50.369 -> [ 88553][V][STA.cpp:224] _onStaEvent(): STA Disconnected: SSID: Aryan Gupta, BSSID: 00:00:00:00:00:00, Reason: 201
17:58:50.369 -> [ 88553][V][NetworkEvents.cpp:132] _checkForEvent(): Network Event: 113 - STA_DISCONNECTED
17:58:50.369 -> [ 88554][V][STA.cpp:118] _onStaArduinoEvent(): Arduino STA Event: 113 - STA_DISCONNECTED
17:58:50.369 -> [ 88554][W][STA.cpp:145] _onStaArduinoEvent(): Reason: 201 - NO_AP_FOUND
17:58:50.369 -> [ 88555][D][STA.cpp:166] _onStaArduinoEvent(): WiFi AutoReconnect Running
17:58:50.369 -> [WIFI] Disconnect reason=201
17:58:50.369 -> [ 88556][V][STA.cpp:224] _onStaEvent(): STA Disconnected: SSID: Aryan Gupta, BSSID: 00:00:00:00:00:00, Reason: 36
17:58:50.369 -> [ 88559][V][NetworkEvents.cpp:132] _checkForEvent(): Network Event: 113 - STA_DISCONNECTED
17:58:50.369 -> [ 88559][V][STA.cpp:118] _onStaArduinoEvent(): Arduino STA Event: 113 - STA_DISCONNECTED
17:58:50.369 -> [ 88560][W][STA.cpp:145] _onStaArduinoEvent(): Reason: 36 - STA_LEAVING
17:58:50.369 -> [WIFI] Disconnect reason=36
17:58:50.462 -> [AVI] Rendering 0 aircraft
17:58:50.604 -> [AVI] Rendering 0 aircraft
17:58:50.744 -> [AVI] Rendering 0 aircraft
17:58:50.885 -> [AVI] Rendering 0 aircraft
17:58:51.024 -> [AVI] Rendering 0 aircraft
17:58:51.165 -> [FACE] heartbeat
17:58:51.165 -> C,loop_us,202
17:58:51.165 -> [AVI] Rendering 0 aircraft
17:58:51.307 -> [AVI] Rendering 0 aircraft
17:58:51.446 -> [AVI] Rendering 0 aircraft
17:58:51.587 -> [AVI] Rendering 0 aircraft
17:58:51.726 -> [AVI] Rendering 0 aircraft
17:58:51.865 -> [AVI] Rendering 0 aircraft
17:58:52.006 -> [AVI] Rendering 0 aircraft
17:58:52.147 -> [FACE] heartbeat
17:58:52.147 -> C,loop_us,201
17:58:52.147 -> [AVI] Rendering 0 aircraft
17:58:52.288 -> [AVI] Rendering 0 aircraft
17:58:52.428 -> [AVI] Rendering 0 aircraft
17:58:52.571 -> [AVI] Rendering 0 aircraft
17:58:52.712 -> [AVI] Rendering 0 aircraft
17:58:52.758 -> [ 90968][V][STA.cpp:224] _onStaEvent(): STA Disconnected: SSID: Aryan Gupta, BSSID: 00:00:00:00:00:00, Reason: 201
17:58:52.758 -> [ 90968][V][NetworkEvents.cpp:132] _checkForEvent(): Network Event: 113 - STA_DISCONNECTED
17:58:52.758 -> [ 90969][V][STA.cpp:118] _onStaArduinoEvent(): Arduino STA Event: 113 - STA_DISCONNECTED
17:58:52.758 -> [ 90969][W][STA.cpp:145] _onStaArduinoEvent(): Reason: 201 - NO_AP_FOUND
17:58:52.758 -> [ 90970][D][STA.cpp:166] _onStaArduinoEvent(): WiFi AutoReconnect Running
17:58:52.758 -> [WIFI] Disconnect reason=201
17:58:52.758 -> [ 90972][V][STA.cpp:224] _onStaEvent(): STA Disconnected: SSID: Aryan Gupta, BSSID: 00:00:00:00:00:00, Reason: 36
17:58:52.758 -> [ 90974][V][NetworkEvents.cpp:132] _checkForEvent(): Network Event: 113 - STA_DISCONNECTED
17:58:52.758 -> [ 90974][V][STA.cpp:118] _onStaArduinoEvent(): Arduino STA Event: 113 - STA_DISCONNECTED
17:58:52.758 -> [ 90975][W][STA.cpp:145] _onStaArduinoEvent(): Reason: 36 - STA_LEAVING
17:58:52.758 -> [WIFI] Disconnect reason=36
17:58:52.850 -> [AVI] Rendering 0 aircraft
17:58:53.040 -> [AVI] Rendering 0 aircraft
17:58:53.180 -> [FACE] heartbeat
17:58:53.180 -> C,loop_us,210
17:58:53.180 -> [AVI] Rendering 0 aircraft
17:58:53.319 -> [AVI] Rendering 0 aircraft
17:58:53.460 -> [AVI] Rendering 0 aircraft
17:58:53.599 -> [AVI] Rendering 0 aircraft
17:58:53.742 -> [AVI] Rendering 0 aircraft
17:58:53.881 -> [AVI] Rendering 0 aircraft
17:58:54.019 -> [AVI] Rendering 0 aircraft
17:58:54.162 -> [FACE] heartbeat
17:58:54.162 -> C,loop_us,189
17:58:54.162 -> [AVI] Rendering 0 aircraft
17:58:54.303 -> [AVI] Rendering 0 aircraft
17:58:54.444 -> [AVI] Rendering 0 aircraft
17:58:54.582 -> [AVI] Rendering 0 aircraft
17:58:54.720 -> [AVI] Rendering 0 aircraft
17:58:54.860 -> [AVI] Rendering 0 aircraft
17:58:55.000 -> [AVI] Rendering 0 aircraft
17:58:55.140 -> [FACE] heartbeat
17:58:55.140 -> C,loop_us,113
17:58:55.140 -> [AVI] Rendering 0 aircraft
17:58:55.188 -> [ 93383][V][STA.cpp:224] _onStaEvent(): STA Disconnected: SSID: Aryan Gupta, BSSID: 00:00:00:00:00:00, Reason: 201
17:58:55.188 -> [ 93383][V][NetworkEvents.cpp:132] _checkForEvent(): Network Event: 113 - STA_DISCONNECTED
17:58:55.188 -> [ 93384][V][STA.cpp:118] _onStaArduinoEvent(): Arduino STA Event: 113 - STA_DISCONNECTED
17:58:55.188 -> [ 93385][W][STA.cpp:145] _onStaArduinoEvent(): Reason: 201 - NO_AP_FOUND
17:58:55.188 -> [ 93385][D][STA.cpp:166] _onStaArduinoEvent(): WiFi AutoReconnect Running
17:58:55.188 -> [WIFI] Disconnect reason=201
17:58:55.188 -> [ 93387][V][STA.cpp:224] _onStaEvent(): STA Disconnected: SSID: Aryan Gupta, BSSID: 00:00:00:00:00:00, Reason: 36
17:58:55.188 -> [ 93389][V][NetworkEvents.cpp:132] _checkForEvent(): Network Event: 113 - STA_DISCONNECTED
17:58:55.188 -> [ 93390][V][STA.cpp:118] _onStaArduinoEvent(): Arduino STA Event: 113 - STA_DISCONNECTED
17:58:55.188 -> [ 93390][W][STA.cpp:145] _onStaArduinoEvent(): Reason: 36 - STA_LEAVING
17:58:55.188 -> [WIFI] Disconnect reason=36
17:58:55.330 -> [AVI] Rendering 0 aircraft
17:58:55.470 -> [AVI] Rendering 0 aircraft
17:58:55.610 -> [AVI] Rendering 0 aircraft
17:58:55.750 -> [AVI] Rendering 0 aircraft
17:58:55.890 -> [AVI] Rendering 0 aircraft
17:58:56.032 -> [AVI] Rendering 0 aircraft
17:58:56.172 -> [FACE] heartbeat
17:58:56.172 -> C,loop_us,214
17:58:56.172 -> [AVI] Rendering 0 aircraft
17:58:56.314 -> [AVI] Rendering 0 aircraft
17:58:56.455 -> [AVI] Rendering 0 aircraft
17:58:56.596 -> [AVI] Rendering 0 aircraft
17:58:56.738 -> [AVI] Rendering 0 aircraft
17:58:56.877 -> [AVI] Rendering 0 aircraft
17:58:57.018 -> [AVI] Rendering 0 aircraft
17:58:57.156 -> [FACE] heartbeat
17:58:57.156 -> C,loop_us,115
17:58:57.156 -> [AVI] Rendering 0 aircraft
17:58:57.295 -> [AVI] Rendering 0 aircraft
17:58:57.436 -> [AVI] Rendering 0 aircraft
17:58:57.576 -> [AVI] Rendering 0 aircraft
17:58:57.576 -> [ 95798][V][STA.cpp:224] _onStaEvent(): STA Disconnected: SSID: Aryan Gupta, BSSID: 00:00:00:00:00:00, Reason: 201
17:58:57.576 -> [ 95799][V][NetworkEvents.cpp:132] _checkForEvent(): Network Event: 113 - STA_DISCONNECTED
17:58:57.622 -> [ 95800][V][STA.cpp:118] _onStaArduinoEvent(): Arduino STA Event: 113 - STA_DISCONNECTED
17:58:57.622 -> [ 95800][W][STA.cpp:145] _onStaArduinoEvent(): Reason: 201 - NO_AP_FOUND
17:58:57.622 -> [ 95801][D][STA.cpp:166] _onStaArduinoEvent(): WiFi AutoReconnect Running
17:58:57.622 -> [WIFI] Disconnect reason=201
17:58:57.622 -> [ 95802][V][STA.cpp:224] _onStaEvent(): STA Disconnected: SSID: Aryan Gupta, BSSID: 00:00:00:00:00:00, Reason: 36
17:58:57.622 -> [ 95805][V][NetworkEvents.cpp:132] _checkForEvent(): Network Event: 113 - STA_DISCONNECTED
17:58:57.622 -> [ 95805][V][STA.cpp:118] _onStaArduinoEvent(): Arduino STA Event: 113 - STA_DISCONNECTED
17:58:57.622 -> [ 95806][W][STA.cpp:145] _onStaArduinoEvent(): Reason: 36 - STA_LEAVING
17:58:57.622 -> [WIFI] Disconnect reason=36
17:58:57.715 -> [WiFiService] Connection failed. status=6 mode=1 (owner=connectSTA)
17:58:57.715 -> EVT:{"type":"timeline","text":"WiFi Disconnected","tag":"system"}
17:58:57.715 -> [AVI] Status final=6  ok=0
17:58:57.762 -> [AVI] Rendering 0 aircraft
17:58:57.901 -> [AVI] Rendering 0 aircraft
17:58:58.042 -> [AVI] Rendering 0 aircraft
17:58:58.184 -> [FACE] heartbeat
17:58:58.184 -> C,loop_us,207
17:58:58.184 -> [AVI] Rendering 0 aircraft
17:58:58.326 -> [AVI] Rendering 0 aircraft
17:58:58.465 -> [AVI] Rendering 0 aircraft
17:58:58.607 -> [AVI] Rendering 0 aircraft
17:58:58.745 -> [AVI] Rendering 0 aircraft
17:58:58.886 -> [AVI] Rendering 0 aircraft
17:58:59.026 -> [AVI] Rendering 0 aircraft
17:58:59.163 -> [FACE] heartbeat
17:58:59.163 -> C,loop_us,138
17:58:59.163 -> [AVI] Rendering 0 aircraft
17:58:59.305 -> [AVI] Rendering 0 aircraft
17:58:59.447 -> [AVI] Rendering 0 aircraft
17:58:59.587 -> [AVI] Rendering 0 aircraft
17:58:59.726 -> [AVI] Rendering 0 aircraft
17:58:59.911 -> [AVI] Rendering 0 aircraft
17:59:00.005 -> [ 98214][V][STA.cpp:224] _onStaEvent(): STA Disconnected: SSID: Aryan Gupta, BSSID: 00:00:00:00:00:00, Reason: 201
17:59:00.005 -> [ 98214][V][NetworkEvents.cpp:132] _checkForEvent(): Network Event: 113 - STA_DISCONNECTED
17:59:00.005 -> [ 98215][V][STA.cpp:118] _onStaArduinoEvent(): Arduino STA Event: 113 - STA_DISCONNECTED
17:59:00.005 -> [ 98215][W][STA.cpp:145] _onStaArduinoEvent(): Reason: 201 - NO_AP_FOUND
17:59:00.005 -> [ 98216][D][STA.cpp:166] _onStaArduinoEvent(): WiFi AutoReconnect Running
17:59:00.005 -> [WIFI] Disconnect reason=201
17:59:00.005 -> [ 98218][V][STA.cpp:224] _onStaEvent(): STA Disconnected: SSID: Aryan Gupta, BSSID: 00:00:00:00:00:00, Reason: 36
17:59:00.005 -> [ 98220][V][NetworkEvents.cpp:132] _checkForEvent(): Network Event: 113 - STA_DISCONNECTED
17:59:00.005 -> [ 98220][V][STA.cpp:118] _onStaArduinoEvent(): Arduino STA Event: 113 - STA_DISCONNECTED
17:59:00.005 -> [ 98221][W][STA.cpp:145] _onStaArduinoEvent(): Reason: 36 - STA_LEAVING
17:59:00.005 -> [WIFI] Disconnect reason=36
17:59:00.051 -> [AVI] Rendering 0 aircraft
17:59:00.190 -> [FACE] heartbeat
17:59:00.190 -> C,loop_us,214
17:59:00.190 -> [AVI] Rendering 0 aircraft
17:59:00.327 -> [AVI] Rendering 0 aircraft
17:59:00.466 -> [AVI] Rendering 0 aircraft
17:59:00.601 -> [AVI] Rendering 0 aircraft
17:59:00.740 -> [AVI] Rendering 0 aircraft
17:59:00.879 -> [AVI] Rendering 0 aircraft
17:59:01.019 -> [AVI] Rendering 0 aircraft
17:59:01.159 -> [FACE] heartbeat
17:59:01.159 -> C,loop_us,209
17:59:01.159 -> [AVI] Rendering 0 aircraft
17:59:01.302 -> [AVI] Rendering 0 aircraft
17:59:01.444 -> [AVI] Rendering 0 aircraft
17:59:01.586 -> [AVI] Rendering 0 aircraft
17:59:01.773 -> [AVI] Rendering 0 aircraft
17:59:01.912 -> [AVI] Rendering 0 aircraft
17:59:02.052 -> [AVI] Rendering 0 aircraft
17:59:02.190 -> [FACE] heartbeat
17:59:02.190 -> C,loop_us,204
17:59:02.190 -> [AVI] Rendering 0 aircraft
17:59:02.331 -> [AVI] Rendering 0 aircraft
17:59:02.425 -> [100629][V][STA.cpp:224] _onStaEvent(): STA Disconnected: SSID: Aryan Gupta, BSSID: 00:00:00:00:00:00, Reason: 201
17:59:02.425 -> [100630][V][NetworkEvents.cpp:132] _checkForEvent(): Network Event: 113 - STA_DISCONNECTED
17:59:02.425 -> [100630][V][STA.cpp:118] _onStaArduinoEvent(): Arduino STA Event: 113 - STA_DISCONNECTED
17:59:02.425 -> [100631][W][STA.cpp:145] _onStaArduinoEvent(): Reason: 201 - NO_AP_FOUND
17:59:02.425 -> [100631][D][STA.cpp:166] _onStaArduinoEvent(): WiFi AutoReconnect Running
17:59:02.425 -> [WIFI] Disconnect reason=201
17:59:02.425 -> [100633][V][STA.cpp:224] _onStaEvent(): STA Disconnected: SSID: Aryan Gupta, BSSID: 00:00:00:00:00:00, Reason: 36
17:59:02.425 -> [100635][V][NetworkEvents.cpp:132] _checkForEvent(): Network Event: 113 - STA_DISCONNECTED
17:59:02.425 -> [100636][V][STA.cpp:118] _onStaArduinoEvent(): Arduino STA Event: 113 - STA_DISCONNECTED
17:59:02.425 -> [100636][W][STA.cpp:145] _onStaArduinoEvent(): Reason: 36 - STA_LEAVING
17:59:02.425 -> [WIFI] Disconnect reason=36
17:59:02.472 -> [AVI] Rendering 0 aircraft
17:59:02.612 -> [AVI] Rendering 0 aircraft
17:59:02.753 -> [AVI] Rendering 0 aircraft
17:59:02.892 -> [AVI] Rendering 0 aircraft
17:59:03.032 -> [AVI] Rendering 0 aircraft
17:59:03.172 -> [FACE] heartbeat
17:59:03.172 -> C,loop_us,215
17:59:03.172 -> [AVI] Rendering 0 aircraft
17:59:03.311 -> [AVI] Rendering 0 aircraft
17:59:03.452 -> [AVI] Rendering 0 aircraft
17:59:03.592 -> [AVI] Rendering 0 aircraft
17:59:03.779 -> [AVI] Rendering 0 aircraft
17:59:03.919 -> [AVI] Rendering 0 aircraft
17:59:04.059 -> [AVI] Rendering 0 aircraft
17:59:04.199 -> [FACE] heartbeat
17:59:04.199 -> C,loop_us,210
17:59:04.199 -> [AVI] Rendering 0 aircraft
17:59:04.341 -> [AVI] Rendering 0 aircraft
17:59:04.480 -> [AVI] Rendering 0 aircraft
17:59:04.619 -> [AVI] Rendering 0 aircraft
17:59:04.759 -> [AVI] Rendering 0 aircraft
17:59:04.853 -> [103044][V][STA.cpp:224] _onStaEvent(): STA Disconnected: SSID: Aryan Gupta, BSSID: 00:00:00:00:00:00, Reason: 201
17:59:04.853 -> [103045][V][NetworkEvents.cpp:132] _checkForEvent(): Network Event: 113 - STA_DISCONNECTED
17:59:04.853 -> [103045][V][STA.cpp:118] _onStaArduinoEvent(): Arduino STA Event: 113 - STA_DISCONNECTED
17:59:04.853 -> [103046][W][STA.cpp:145] _onStaArduinoEvent(): Reason: 201 - NO_AP_FOUND
17:59:04.853 -> [103046][D][STA.cpp:166] _onStaArduinoEvent(): WiFi AutoReconnect Running
17:59:04.853 -> [WIFI] Disconnect reason=201
17:59:04.853 -> [103048][V][STA.cpp:224] _onStaEvent(): STA Disconnected: SSID: Aryan Gupta, BSSID: 00:00:00:00:00:00, Reason: 36
17:59:04.853 -> [103050][V][NetworkEvents.cpp:132] _checkForEvent(): Network Event: 113 - STA_DISCONNECTED
17:59:04.853 -> [103051][V][STA.cpp:118] _onStaArduinoEvent(): Arduino STA Event: 113 - STA_DISCONNECTED
17:59:04.853 -> [103051][W][STA.cpp:145] _onStaArduinoEvent(): Reason: 36 - STA_LEAVING
17:59:04.853 -> [WIFI] Disconnect reason=36
17:59:04.900 -> [AVI] Rendering 0 aircraft
17:59:05.040 -> [AVI] Rendering 0 aircraft
17:59:05.180 -> [FACE] heartbeat
17:59:05.180 -> C,loop_us,217
17:59:05.180 -> [AVI] Rendering 0 aircraft
17:59:05.319 -> [AVI] Rendering 0 aircraft
17:59:05.459 -> [AVI] Rendering 0 aircraft
17:59:05.598 -> [AVI] Rendering 0 aircraft
17:59:05.785 -> [AVI] Rendering 0 aircraft
17:59:05.926 -> [AVI] Rendering 0 aircraft
17:59:06.066 -> [AVI] Rendering 0 aircraft
17:59:06.206 -> [FACE] heartbeat
17:59:06.206 -> C,loop_us,217
17:59:06.206 -> [AVI] Rendering 0 aircraft
17:59:06.346 -> [AVI] Rendering 0 aircraft
17:59:06.487 -> [AVI] Rendering 0 aircraft
17:59:06.625 -> [AVI] Rendering 0 aircraft
17:59:06.766 -> [AVI] Rendering 0 aircraft
17:59:06.906 -> [AVI] Rendering 0 aircraft
17:59:07.047 -> [AVI] Rendering 0 aircraft
17:59:07.187 -> [FACE] heartbeat
17:59:07.187 -> C,loop_us,156
17:59:07.187 -> [AVI] Rendering 0 aircraft
17:59:07.280 -> [105459][V][STA.cpp:224] _onStaEvent(): STA Disconnected: SSID: Aryan Gupta, BSSID: 00:00:00:00:00:00, Reason: 201
17:59:07.280 -> [105460][V][NetworkEvents.cpp:132] _checkForEvent(): Network Event: 113 - STA_DISCONNECTED
17:59:07.280 -> [105460][V][STA.cpp:118] _onStaArduinoEvent(): Arduino STA Event: 113 - STA_DISCONNECTED
17:59:07.280 -> [105461][W][STA.cpp:145] _onStaArduinoEvent(): Reason: 201 - NO_AP_FOUND
17:59:07.280 -> [105461][D][STA.cpp:166] _onStaArduinoEvent(): WiFi AutoReconnect Running
17:59:07.280 -> [WIFI] Disconnect reason=201
17:59:07.280 -> [105463][V][STA.cpp:224] _onStaEvent(): STA Disconnected: SSID: Aryan Gupta, BSSID: 00:00:00:00:00:00, Reason: 36
17:59:07.280 -> [105465][V][NetworkEvents.cpp:132] _checkForEvent(): Network Event: 113 - STA_DISCONNECTED
17:59:07.280 -> [105466][V][STA.cpp:118] _onStaArduinoEvent(): Arduino STA Event: 113 - STA_DISCONNECTED
17:59:07.280 -> [105466][W][STA.cpp:145] _onStaArduinoEvent(): Reason: 36 - STA_LEAVING
17:59:07.280 -> [WIFI] Disconnect reason=36
17:59:07.325 -> [AVI] Rendering 0 aircraft
17:59:07.466 -> [AVI] Rendering 0 aircraft
17:59:07.606 -> [AVI] Rendering 0 aircraft
17:59:07.748 -> [AVI] Rendering 0 aircraft
17:59:07.889 -> [AVI] Rendering 0 aircraft
17:59:08.029 -> [AVI] Rendering 0 aircraft
17:59:08.215 -> [FACE] heartbeat
17:59:08.215 -> C,loop_us,219
17:59:08.215 -> [AVI] Rendering 0 aircraft
17:59:08.357 -> [AVI] Rendering 0 aircraft
17:59:08.495 -> [AVI] Rendering 0 aircraft
17:59:08.632 -> [AVI] Rendering 0 aircraft
17:59:08.772 -> [AVI] Rendering 0 aircraft
17:59:08.911 -> [AVI] Rendering 0 aircraft
17:59:09.054 -> [AVI] Rendering 0 aircraft
17:59:09.193 -> [FACE] heartbeat
17:59:09.193 -> C,loop_us,144
17:59:09.193 -> [AVI] Rendering 0 aircraft
17:59:09.334 -> [AVI] Rendering 0 aircraft
17:59:09.473 -> [AVI] Rendering 0 aircraft
17:59:09.614 -> [AVI] Rendering 0 aircraft
17:59:09.660 -> [107874][V][STA.cpp:224] _onStaEvent(): STA Disconnected: SSID: Aryan Gupta, BSSID: 00:00:00:00:00:00, Reason: 201
17:59:09.660 -> [107875][V][NetworkEvents.cpp:132] _checkForEvent(): Network Event: 113 - STA_DISCONNECTED
17:59:09.660 -> [107876][V][STA.cpp:118] _onStaArduinoEvent(): Arduino STA Event: 113 - STA_DISCONNECTED
17:59:09.660 -> [107876][W][STA.cpp:145] _onStaArduinoEvent(): Reason: 201 - NO_AP_FOUND
17:59:09.660 -> [107876][D][STA.cpp:166] _onStaArduinoEvent(): WiFi AutoReconnect Running
17:59:09.660 -> [WIFI] Disconnect reason=201
17:59:09.660 -> [107878][V][STA.cpp:224] _onStaEvent(): STA Disconnected: SSID: Aryan Gupta, BSSID: 00:00:00:00:00:00, Reason: 36
17:59:09.660 -> [107880][V][NetworkEvents.cpp:132] _checkForEvent(): Network Event: 113 - STA_DISCONNECTED
17:59:09.660 -> [107881][V][STA.cpp:118] _onStaArduinoEvent(): Arduino STA Event: 113 - STA_DISCONNECTED
17:59:09.660 -> [107881][W][STA.cpp:145] _onStaArduinoEvent(): Reason: 36 - STA_LEAVING
17:59:09.660 -> [WIFI] Disconnect reason=36
17:59:09.753 -> [AVI] Rendering 0 aircraft
17:59:09.891 -> [AVI] Rendering 0 aircraft
17:59:10.030 -> [AVI] Rendering 0 aircraft
17:59:10.216 -> [FACE] heartbeat
17:59:10.216 -> C,loop_us,220
17:59:10.216 -> [AVI] Rendering 0 aircraft
17:59:10.354 -> [AVI] Rendering 0 aircraft
17:59:10.494 -> [AVI] Rendering 0 aircraft
17:59:10.634 -> [AVI] Rendering 0 aircraft
17:59:10.776 -> [AVI] Rendering 0 aircraft
17:59:10.917 -> [AVI] Rendering 0 aircraft
17:59:11.059 -> [AVI] Rendering 0 aircraft
17:59:11.200 -> [FACE] heartbeat
17:59:11.200 -> C,loop_us,207
17:59:11.200 -> [AVI] Rendering 0 aircraft
17:59:11.338 -> [AVI] Rendering 0 aircraft
17:59:11.478 -> [AVI] Rendering 0 aircraft
17:59:11.618 -> [AVI] Rendering 0 aircraft
17:59:11.759 -> [AVI] Rendering 0 aircraft
17:59:11.899 -> [AVI] Rendering 0 aircraft
17:59:12.041 -> [AVI] Rendering 0 aircraft
17:59:12.181 -> [FACE] heartbeat
17:59:12.181 -> C,loop_us,207
17:59:12.181 -> [AVI] Rendering 0 aircraft
17:59:12.321 -> [AVI] Rendering 0 aircraft
17:59:12.507 -> [AVI] Rendering 0 aircraft
17:59:12.646 -> [AVI] Rendering 0 aircraft
17:59:12.787 -> [AVI] Rendering 0 aircraft
17:59:12.928 -> [AVI] Rendering 0 aircraft
17:59:13.069 -> [AVI] Rendering 0 aircraft
17:59:13.210 -> [FACE] heartbeat
17:59:13.210 -> C,loop_us,214
17:59:13.210 -> [AVI] Rendering 0 aircraft
17:59:13.348 -> [AVI] Rendering 0 aircraft
17:59:13.487 -> [AVI] Rendering 0 aircraft
17:59:13.627 -> [AVI] Rendering 0 aircraft
17:59:13.768 -> [AVI] Rendering 0 aircraft
17:59:13.909 -> [AVI] Rendering 0 aircraft
17:59:14.001 -> [112192][V][STA.cpp:224] _onStaEvent(): STA Disconnected: SSID: Aryan Gupta, BSSID: 02:ad:af:21:16:63, Reason: 15
17:59:14.001 -> [112192][V][NetworkEvents.cpp:132] _checkForEvent(): Network Event: 113 - STA_DISCONNECTED
17:59:14.001 -> [112193][V][STA.cpp:118] _onStaArduinoEvent(): Arduino STA Event: 113 - STA_DISCONNECTED
17:59:14.001 -> [112193][W][STA.cpp:145] _onStaArduinoEvent(): Reason: 15 - 4WAY_HANDSHAKE_TIMEOUT
17:59:14.001 -> [112194][D][STA.cpp:166] _onStaArduinoEvent(): WiFi AutoReconnect Running
17:59:14.001 -> [WIFI] Disconnect reason=15
17:59:14.048 -> [AVI] Rendering 0 aircraft
17:59:14.187 -> [FACE] heartbeat
17:59:14.187 -> C,loop_us,268
17:59:14.187 -> [AVI] Rendering 0 aircraft
17:59:14.325 -> [AVI] Rendering 0 aircraft
17:59:14.514 -> [AVI] Rendering 0 aircraft
17:59:14.653 -> [AVI] Rendering 0 aircraft
17:59:14.794 -> [AVI] Rendering 0 aircraft
17:59:14.932 -> [AVI] Rendering 0 aircraft
17:59:14.979 -> [113194][V][STA.cpp:224] _onStaEvent(): STA Disconnected: SSID: Aryan Gupta, BSSID: 02:ad:af:21:16:63, Reason: 202
17:59:14.979 -> [113194][V][NetworkEvents.cpp:132] _checkForEvent(): Network Event: 113 - STA_DISCONNECTED
17:59:14.979 -> [113195][V][STA.cpp:118] _onStaArduinoEvent(): Arduino STA Event: 113 - STA_DISCONNECTED
17:59:14.979 -> [113195][W][STA.cpp:145] _onStaArduinoEvent(): Reason: 202 - AUTH_FAIL
17:59:14.979 -> [WIFI] Disconnect reason=202
17:59:15.072 -> [AVI] Rendering 0 aircraft
17:59:15.211 -> [FACE] heartbeat
17:59:15.211 -> C,loop_us,158
17:59:15.211 -> [AVI] Rendering 0 aircraft
17:59:15.350 -> [AVI] Rendering 0 aircraft
17:59:15.491 -> [AVI] Rendering 0 aircraft
17:59:15.631 -> [AVI] Rendering 0 aircraft
17:59:15.771 -> [AVI] Rendering 0 aircraft
17:59:15.912 -> [AVI] Rendering 0 aircraft
17:59:16.055 -> [AVI] Rendering 0 aircraft
17:59:16.196 -> [FACE] heartbeat
17:59:16.196 -> C,loop_us,162
17:59:16.196 -> [AVI] Rendering 0 aircraft
17:59:16.335 -> [AVI] Rendering 0 aircraft
17:59:16.476 -> [AVI] Rendering 0 aircraft
17:59:16.616 -> [AVI] Rendering 0 aircraft
17:59:16.802 -> [AVI] Rendering 0 aircraft
17:59:16.941 -> [AVI] Rendering 0 aircraft
17:59:17.081 -> [AVI] Rendering 0 aircraft
17:59:17.222 -> [FACE] heartbeat
17:59:17.222 -> C,loop_us,162
17:59:17.222 -> [AVI] Rendering 0 aircraft
17:59:17.362 -> [AVI] Rendering 0 aircraft
17:59:17.502 -> [AVI] Rendering 0 aircraft
17:59:17.641 -> [AVI] Rendering 0 aircraft
17:59:17.780 -> [AVI] Rendering 0 aircraft
17:59:17.920 -> [AVI] Rendering 0 aircraft
17:59:18.061 -> [AVI] Rendering 0 aircraft
17:59:18.201 -> [FACE] heartbeat
17:59:18.201 -> C,loop_us,163
17:59:18.201 -> [AVI] Rendering 0 aircraft
17:59:18.342 -> [AVI] Rendering 0 aircraft
17:59:18.482 -> [AVI] Rendering 0 aircraft
17:59:18.623 -> [AVI] Rendering 0 aircraft
17:59:18.762 -> [AVI] Rendering 0 aircraft
17:59:18.902 -> [AVI] Rendering 0 aircraft
17:59:19.092 -> [AVI] Rendering 0 aircraft
17:59:19.230 -> [FACE] heartbeat
17:59:19.230 -> C,loop_us,153
17:59:19.230 -> [AVI] Rendering 0 aircraft
17:59:19.370 -> [AVI] Rendering 0 aircraft
17:59:19.511 -> [AVI] Rendering 0 aircraft
17:59:19.651 -> [AVI] Rendering 0 aircraft
17:59:19.791 -> [AVI] Rendering 0 aircraft
17:59:19.932 -> [AVI] Rendering 0 aircraft
17:59:20.071 -> [AVI] Rendering 0 aircraft
17:59:20.209 -> [FACE] heartbeat
17:59:20.209 -> C,loop_us,161
17:59:20.209 -> [AVI] Rendering 0 aircraft
17:59:20.347 -> [AVI] Rendering 0 aircraft
17:59:20.487 -> [AVI] Rendering 0 aircraft
17:59:20.629 -> [AVI] Rendering 0 aircraft
17:59:20.769 -> [AVI] Rendering 0 aircraft
17:59:20.909 -> [AVI] Rendering 0 aircraft
17:59:21.051 -> [AVI] Rendering 0 aircraft
17:59:21.190 -> [FACE] heartbeat
17:59:21.190 -> C,loop_us,165
17:59:21.190 -> [AVI] Rendering 0 aircraft
17:59:21.374 -> [AVI] Rendering 0 aircraft
17:59:21.515 -> [AVI] Rendering 0 aircraft
17:59:21.656 -> [AVI] Rendering 0 aircraft
17:59:21.795 -> [AVI] Rendering 0 aircraft
17:59:21.935 -> [MEM] tick: records=1 strength=64
17:59:21.935 -> [AVI] Rendering 0 aircraft
17:59:22.074 -> [AVI] Rendering 0 aircraft
17:59:22.215 -> [FACE] heartbeat
17:59:22.215 -> C,loop_us,159
17:59:22.215 -> [AVI] Rendering 0 aircraft
17:59:22.355 -> [AVI] Rendering 0 aircraft
17:59:22.494 -> [AVI] Rendering 0 aircraft
17:59:22.633 -> [AVI] Rendering 0 aircraft
17:59:22.775 -> [AVI] Rendering 0 aircraft
17:59:22.916 -> [AVI] Rendering 0 aircraft
17:59:23.057 -> [AVI] Rendering 0 aircraft
17:59:23.196 -> [FACE] heartbeat
17:59:23.196 -> C,loop_us,154
17:59:23.196 -> [AVI] Rendering 0 aircraft
17:59:23.335 -> [AVI] Rendering 0 aircraft
17:59:23.520 -> [AVI] Rendering 0 aircraft
17:59:23.661 -> [AVI] Rendering 0 aircraft
17:59:23.792 -> [AVI] Rendering 0 aircraft
17:59:23.930 -> [TOUCH] transition raw=1 pressed=1 ms=122130
17:59:23.930 -> [TOUCH] START raw=1 ms=122130
17:59:23.930 -> [AVI] Rendering 0 aircraft
17:59:24.069 -> [TOUCH] transition raw=0 pressed=0 ms=122273
17:59:24.069 -> [TOUCH] RELEASE raw=0 duration=143 ms=122273
17:59:24.069 -> [TOUCH] TAP
17:59:24.069 -> [AVI] Toggle HUD mode: 0
17:59:24.069 -> [EMOTION] THINKING -> SLEEPY
17:59:24.209 -> [FACE] heartbeat
17:59:24.209 -> C,loop_us,4460
17:59:24.953 -> [TOUCH] transition raw=1 pressed=1 ms=123137
17:59:24.953 -> [TOUCH] START raw=1 ms=123137
17:59:25.234 -> [FACE] heartbeat
17:59:25.234 -> C,loop_us,154
17:59:26.217 -> [FACE] heartbeat
17:59:26.217 -> C,loop_us,152
17:59:27.243 -> [FACE] heartbeat
17:59:27.243 -> C,loop_us,151
17:59:28.070 -> [TOUCH] transition raw=0 pressed=0 ms=126283
17:59:28.070 -> [TOUCH] RELEASE raw=0 duration=3146 ms=126283
17:59:28.070 -> [TOUCH] LONG_PRESS
17:59:28.070 -> [MODE] Transitioning: 2 -> 0
17:59:28.070 -> [DBG] BEFORE teardown
17:59:28.070 -> [WiFiService] Stop WiFi (owner=connectSTA, mode=1, promisc=0)
17:59:28.114 -> [126303][V][STA.cpp:198] _onStaEvent(): STA Stopped
17:59:28.114 -> [126303][V][NetworkEvents.cpp:132] _checkForEvent(): Network Event: 111 - STA_STOP
17:59:28.114 -> [126304][V][STA.cpp:118] _onStaArduinoEvent(): Arduino STA Event: 111 - STA_STOP
17:59:28.114 -> [126308][V][NetworkEvents.cpp:132] _checkForEvent(): Network Event: 100 - WIFI_OFF
17:59:28.114 -> [126309][V][NetworkInterface.cpp:264] destroyNetif(): Unregistered event handler
17:59:28.114 -> [126323][V][NetworkEvents.cpp:132] _checkForEvent(): Network Event: 101 - WIFI_READY
17:59:28.114 -> [126328][V][AP.cpp:113] _onApEvent(): AP Started
17:59:28.114 -> [126329][V][NetworkEvents.cpp:132] _checkForEvent(): Network Event: 130 - AP_START
17:59:28.114 -> [126329][V][AP.cpp:93] _onApArduinoEvent(): Arduino AP Event: 130 - AP_START
17:59:28.114 -> [126335][V][AP.cpp:117] _onApEvent(): AP Stopped
17:59:28.114 -> [126336][V][NetworkEvents.cpp:132] _checkForEvent(): Network Event: 131 - AP_STOP
17:59:28.114 -> [126336[]1[2V6][A3P3.6c]p[pV:]1[1A3P]. c_popn:A9p3E]v e_nto(n)A:p AArPd uSitnaorEtedv
e
17:59:28.114 -> nt(): Arduino AP Event: 131 - AP_STOP
17:59:28.114 -> [126337][V[]1[A2P6.3c3p7p]:[1V1]7[] N_eotnwAoprEkvEevnetn()t:s .AcPp p:1S3t2o]p p_ecdh
e
17:59:28.114 -> ckForEvent(): Network Event: 130 - AP_START
17:59:28.114 -> [126337][V][AP.cpp:93] _onApArduinoEvent(): Arduino AP Event: 130 - AP_START
17:59:28.114 -> [126338][V][NetworkEvents.cpp:132] _checkForEvent(): Network Event: 131 - AP_STOP
17:59:28.114 -> [126338][V][AP.cpp:93] _onApArduinoEvent(): Arduino AP Event: 131 - AP_STOP
17:59:28.161 -> [126342][V][NetworkEvents.cpp:132] _checkForEvent(): Network Event: 100 - WIFI_OFF
17:59:28.161 -> [126343][V][NetworkInterface.cpp:264] destroyNetif(): Unregistered event handler
17:59:28.629 -> [WiFiService] WiFi stopped.
17:59:28.629 -> [DBG] AFTER teardown
17:59:28.629 -> [MODE] Teardown of mode 2 complete
17:59:28.629 -> [ATTN] pause (was SOFT_FOCUS)
17:59:28.629 -> [DBG] AFTER pause
17:59:29.285 -> [DBG] AFTER splash
17:59:29.285 -> [DBG] BEFORE setup
17:59:29.285 -> {"ready":1,"mode":"pet"}
17:59:29.331 -> [DBG] AFTER setup
17:59:29.331 -> [MODE] Setup of mode 0 complete
17:59:29.331 -> [ATTN] resume -> SOFT_FOCUS
17:59:29.331 -> [DBG] AFTER resume
17:59:29.426 -> [FACE] heartbeat
17:59:29.426 -> C,loop_us,173
17:59:30.451 -> [FACE] heartbeat
17:59:30.451 -> C,loop_us,134
17:59:31.337 -> [TOUCH] transition raw=1 pressed=1 ms=129544
17:59:31.337 -> [TOUCH] START raw=1 ms=129544
17:59:31.430 -> [TOUCH] transition raw=0 pressed=0 ms=129632
17:59:31.430 -> [TOUCH] RELEASE raw=0 duration=88 ms=129632
17:59:31.430 -> [TOUCH] TAP
17:59:31.430 -> [EMOTION] SLEEPY -> HAPPY
17:59:31.430 -> EVT:{"type":"timeline","text":"User tap interaction","tag":"touch"}
17:59:31.523 -> [FACE] heartbeat
17:59:31.523 -> C,loop_us,216
17:59:32.600 -> [FACE] heartbeat
17:59:32.600 -> C,loop_us,151
17:59:33.621 -> [FACE] heartbeat
17:59:33.621 -> C,loop_us,147
17:59:34.692 -> [FACE] heartbeat
17:59:34.692 -> C,loop_us,169
17:59:35.762 -> [FACE] heartbeat
17:59:35.762 -> C,loop_us,149
17:59:36.462 -> [EMOTION] HAPPY -> IDLE (timeout)
17:59:36.791 -> [FACE] heartbeat
17:59:36.791 -> C,loop_us,149
17:59:37.859 -> [FACE] heartbeat
17:59:37.859 -> C,loop_us,136
17:59:38.932 -> [FACE] heartbeat
17:59:38.932 -> C,loop_us,135
17:59:39.959 -> [FACE] heartbeat
17:59:39.959 -> C,loop_us,134
17:59:41.028 -> [FACE] heartbeat
17:59:41.028 -> C,loop_us,135
17:59:42.100 -> [FACE] heartbeat
17:59:42.100 -> C,loop_us,138
